[2025-09-25 21:03:49,752] root                                               [DEBUG  ]  Logging to file: /tmp/tmpaof0r5ja/multiqc.log
[2025-09-25 21:03:49,753] multiqc.core.update_config                         [DEBUG  ]  This is MultiQC v1.29
[2025-09-25 21:03:49,753] multiqc.core.update_config                         [DEBUG  ]  Running Python 3.13.3 | packaged by conda-forge | (main, Apr 14 2025, 20:44:03) [GCC 13.3.0]
[2025-09-25 21:03:49,931] multiqc.config                                     [INFO   ]  Loading config settings from: multiqc_config.yml
[2025-09-25 21:03:49,932] multiqc.config                                     [DEBUG  ]  New config: {'report_comment': 'This report has been generated by the <a href="https://github.com/nf-core/rnaseq/releases/tag/3.19.0" target="_blank">nf-core/rnaseq</a> analysis pipeline. For information about how to interpret these results, please see the <a href="https://nf-co.re/rnaseq/3.19.0/docs/output" target="_blank">documentation</a>.\n', 'report_section_order': {'sample-status': {'order': 5004}, 'fail_trimmed_samples-module': {'order': 5003}, 'fail_mapped_samples-module': {'order': 5002}, 'fail_strand_check-module': {'order': 5001}, 'fastqc_raw': {'order': 4004}, 'cutadapt': {'order': 4003}, 'fastp': {'order': 4003}, 'fastqc_trimmed': {'order': 4002}, 'star': {'order': 3000}, 'hisat2': {'order': 3000}, 'samtools': {'order': 3000}, 'dupradar-module': {'order': 3000}, 'featurecounts_biotype': {'order': 3000}, 'picard': {'order': 3000}, 'preseq': {'order': 3000}, 'qualimap': {'order': 3000}, 'rseqc': {'order': 3000}, 'umitools': {'order': 3000}, 'rsem': {'order': 2000}, 'salmon': {'order': 2000}, 'kallisto': {'order': 2000}, 'sample-relationships': {'order': 1006}, 'star_salmon_deseq2_pca': {'order': 1005}, 'star_salmon_deseq2_clustering': {'order': 1004}, 'salmon_deseq2_pca': {'order': 1003}, 'salmon_deseq2_clustering': {'order': 1002}, 'star_rsem_deseq2_pca': {'order': 1001}, 'star_rsem_deseq2_clustering': {'order': 1000}, 'nf-core-rnaseq-methods-description-module': {'order': -1000}, 'software_versions-module': {'order': -1001}, 'nf-core-rnaseq-summary-module': {'order': -1002}}, 'export_plots': True, 'disable_version_detection': True, 'sample_names_replace_exact': True, 'run_modules': ['custom_content', 'fastqc', 'cutadapt', 'fastp', 'sortmerna', 'star', 'hisat2', 'rsem', 'umitools', 'salmon', 'kallisto', 'samtools', 'picard', 'preseq', 'rseqc', 'qualimap', 'kraken'], 'module_order': [{'fastqc': {'anchor': 'fastqc_raw', 'name': 'FastQC (raw)', 'info': 'This section of the report shows FastQC results before adapter trimming.', 'path_filters': ['*_raw*fastqc.zip']}}, 'cutadapt', 'fastp', {'fastqc': {'anchor': 'fastqc_trimmed', 'name': 'FastQC (trimmed)', 'info': 'This section of the report shows FastQC results after adapter trimming.', 'path_filters': ['*_trimmed*fastqc.zip']}}], 'table_columns_visible': {'FastQC (raw)': {'percent_duplicates': False}, 'FastQC (trimmed)': {'percent_duplicates': False}}, 'custom_data': {'fail_trimmed_samples': {'section_name': 'WARNING: Fail Trimming Check', 'description': "List of samples that failed the minimum trimmed reads threshold specified via the '--min_trimmed_reads' parameter, and hence were ignored for the downstream processing steps.", 'plot_type': 'table', 'pconfig': {'id': 'fail_trimmed_samples_table', 'title': 'Samples failed trimming threshold', 'namespace': 'Samples failed trimming threshold'}}, 'fail_mapped_samples': {'section_name': 'WARNING: Fail Alignment Check', 'description': "List of samples that failed the STAR minimum mapped reads threshold specified via the '--min_mapped_reads' parameter, and hence were ignored for the downstream processing steps.", 'plot_type': 'table', 'pconfig': {'id': 'fail_mapped_samples_table', 'title': 'Samples failed mapping threshold', 'namespace': 'Samples failed mapping threshold'}}, 'fail_strand_check': {'section_name': 'Strandedness Checks', 'description': "<p>The strandedness used for analysis in this workflow can either be provided by the user or automatically inferred by <b>Salmon</b> using a sample of reads. In both cases, strandedness is verified at the end of the workflow using <b>RSeQC</b>'s <a href='http://rseqc.sourceforge.net/#infer-experiment-py'>infer_experiment.py</a> on genomic alignments. In this table, a pass indicates a match between the supplied strandedness (or that inferred by Salmon) and RSeQC results. A fail indicates a mismatch or 'undetermined' strandedness. 'Undetermined' strandedness can signal QC issues, including potential genomic DNA contamination.</p><p><b>Note:</b> Rows are duplicated for an 'auto' setting to allow comparison of statistics between inference methods.</p>", 'plot_type': 'table', 'pconfig': {'id': 'fail_strand_check_table', 'title': 'Samples strandedness check', 'namespace': 'Samples strandedness check'}, 'headers': {'Status': {'description': 'Pass if the strandedness inferred by RSeQC matches that provided by the user or predicted by Salmon. Fail otherwise.'}, 'Strand inference method': {'description': 'Tool used to detect strandedness'}, 'Provided strandedness': {'description': 'User-provided strandedness', 'cond_formatting_rules': {'blue': [{'s_eq': 'auto'}], 'black': [{'s_eq': 'forward'}], 'grey': [{'s_eq': 'reverse'}]}, 'cond_formatting_colours': [{'grey': '#AAB7B8'}, {'black': '#17202A'}]}, 'Inferred strandedness': {'description': 'Interred strandedness', 'cond_formatting_rules': {'blue': [{'s_eq': 'auto'}], 'black': [{'s_eq': 'forward'}], 'grey': [{'s_eq': 'reverse'}]}, 'cond_formatting_colours': [{'grey': '#AAB7B8'}, {'black': '#17202A'}]}, 'Sense (%)': {'max': 100}, 'Antisense (%)': {'max': 100}, 'Unstranded (%)': {'max': 100}}}}}
[2025-09-25 21:03:49,932] multiqc.config                                     [DEBUG  ]  Added to filename patterns: [{'cutadapt': {'fn': '*trimming_report.txt'}, 'fastp': {'fn': '*.fastp.json'}, 'sortmerna': {'fn': '*.sortmerna.log'}, 'hisat2': {'fn': '*.hisat2.summary.log'}, 'salmon/meta': {'fn': 'meta_info.json'}, 'preseq': {'fn': '*.lc_extrap.txt'}, 'samtools/stats': {'fn': '*.stats'}, 'samtools/flagstat': {'fn': '*.flagstat'}, 'samtools/idxstats': {'fn': '*.idxstats*'}, 'kraken': [{'fn': '*.kraken2.report.txt'}, {'fn': '*.kraken2.report_bracken.txt'}], 'rseqc/bam_stat': {'fn': '*.bam_stat.txt'}, 'rseqc/gene_body_coverage': {'skip': True}, 'rseqc/junction_annotation': {'fn': '*.junction_annotation.log'}, 'rseqc/read_gc': {'skip': True}, 'rseqc/read_distribution': {'fn': '*.read_distribution.txt'}, 'rseqc/infer_experiment': {'fn': '*.infer_experiment.txt'}, 'rseqc/tin': {'fn': '*.summary.txt'}, 'picard/markdups': {'fn': '*.MarkDuplicates.metrics.txt'}, 'picard/alignment_metrics': {'skip': True}, 'picard/basedistributionbycycle': {'skip': True}, 'picard/gcbias': {'skip': True}, 'picard/hsmetrics': {'skip': True}, 'picard/insertsize': {'skip': True}, 'picard/oxogmetrics': {'skip': True}, 'picard/pcr_metrics': {'skip': True}, 'picard/quality_by_cycle': {'skip': True}, 'picard/quality_score_distribution': {'skip': True}, 'picard/quality_yield_metrics': {'skip': True}, 'picard/rnaseqmetrics': {'skip': True}, 'picard/rrbs_metrics': {'skip': True}, 'picard/sam_file_validation': {'skip': True}, 'picard/variant_calling_metrics': {'skip': True}, 'picard/wgs_metrics': {'skip': True}}]
[2025-09-25 21:03:49,932] multiqc.config                                     [DEBUG  ]  Added to filename clean extensions: [['.umi_dedup', '_val', '.markdup', '_primary']]
[2025-09-25 21:03:49,933] multiqc.config                                     [DEBUG  ]  Loading sample replace config settings from: name_replacement.txt
[2025-09-25 21:03:49,933] multiqc.config                                     [DEBUG  ]  Found 54 sample replacing patterns
[2025-09-25 21:03:49,938] urllib3.connectionpool                             [DEBUG  ]  Starting new HTTPS connection (1): api.multiqc.info:443
[2025-09-25 21:03:51,988] multiqc.core.version_check                         [DEBUG  ]  Timed out after waiting for 2s for multiqc.info to check latest version: HTTPSConnectionPool(host='api.multiqc.info', port=443): Max retries exceeded with url: /version?version_multiqc=1.29&version_python=3.13.3&operating_system=Linux&is_docker=False&is_singularity=True&is_conda=True&is_ci=False&is_notebook=False&ai_summary=False&ai_summary_full=False&ai_provider=seqera (Caused by ConnectTimeoutError(<urllib3.connection.HTTPSConnection object at 0x147f774e5550>, 'Connection to api.multiqc.info timed out. (connect timeout=1.0)'))
[2025-09-25 21:03:51,988] multiqc.multiqc                                    [DEBUG  ]  Working dir : /nfs/turbo/agc-data/processing/broccoli/14340-YK/work/5d/28e4e4aff9793fd786cc94fb953d9a
[2025-09-25 21:03:51,988] multiqc.multiqc                                    [DEBUG  ]  Template    : default
[2025-09-25 21:03:51,988] multiqc.multiqc                                    [DEBUG  ]  Command used: /usr/local/bin/multiqc --force --config multiqc_config.yml --filename multiqc_report.html --replace-names name_replacement.txt .
[2025-09-25 21:03:51,989] multiqc.core.file_search                           [INFO   ]  Search path: /nfs/turbo/agc-data/processing/broccoli/14340-YK/work/5d/28e4e4aff9793fd786cc94fb953d9a
[2025-09-25 21:03:51,989] multiqc.core.file_search                           [INFO   ]  Only using modules: custom_content, hisat2, kallisto, kraken, picard, preseq, qualimap, rsem, rseqc, salmon, samtools, sortmerna, star, umitools, fastqc, cutadapt, fastp, fastqc
[2025-09-25 21:03:51,989] multiqc.core.file_search                           [DEBUG  ]  Analysing modules: custom_content, hisat2, kallisto, kraken, picard, preseq, qualimap, rsem, rseqc, salmon, samtools, sortmerna, star, umitools, fastqc, cutadapt, fastp, fastqc
[2025-09-25 21:03:51,989] multiqc.core.file_search                           [DEBUG  ]  Search keys: custom_content, cutadapt, fail_mapped_samples, fail_strand_check, fail_trimmed_samples, fastp, fastqc, fastqc, hisat2, kallisto, kraken, multiqc_data, picard, preseq, qualimap, rsem, rseqc, salmon, samtools, software_versions, sortmerna, star, umitools
[2025-09-25 21:03:51,991] multiqc.report                                     [DEBUG  ]  Ignored 295 search patterns that didn't match running modules
[2025-09-25 21:03:51,991] multiqc.report                                     [INFO   ]  Skipping 6 file search patterns
[2025-09-25 21:03:51,991] multiqc.report                                     [DEBUG  ]  Skipping search patterns: picard/basedistributionbycycle, picard/sam_file_validation, picard/variant_calling_metrics, picard/wgs_metrics, rseqc/gene_body_coverage, rseqc/read_gc
[2025-09-25 21:03:55,695] multiqc.report                                     [DEBUG  ]  Summary of files that were skipped by the search: |skipped_module_specific_max_filesize: 46|, |skipped_no_match: 324|
[2025-09-25 21:03:55,696] multiqc.core.exec_modules                          [DEBUG  ]  Running module: custom_content
[2025-09-25 21:03:56,221] multiqc.report                                     [DEBUG  ]  Wrote data file multiqc_featurecounts_biotype_plot.txt
[2025-09-25 21:03:56,221] multiqc.report                                     [DEBUG  ]  Wrote data file multiqc_featurecounts_biotype_plot.json
[2025-09-25 21:03:56,222] multiqc.core.special_case_modules.custom_content   [INFO   ]  biotype_counts: Found 1 samples (PlotType.BAR)
[2025-09-25 21:03:56,222] multiqc.core.special_case_modules.custom_content   [INFO   ]  biotype-gs: Found 9 General Statistics columns
[2025-09-25 21:03:56,284] multiqc.validation                                 [WARNING]  warnings while parsing lineplot.pconfig[id='dupradar'].x_lines {color: green, dash: longdash, label: {text: 0.5 RPKM}, value: 0.5, width: 1} (total messages: 2):
• 'dash': 'LongDash' is a deprecated dash style, use 'longdash'
• 'label': Line plot's x_lines or y_lines 'label' field is expected to be a string. Other fields other than 'text' are deprecated and will be ignored
[2025-09-25 21:03:56,285] multiqc.validation                                 [WARNING]  warnings while parsing lineplot.pconfig[id='dupradar'].x_lines {color: red, dash: longdash, label: {text: 1 read/bp}, value: 1000, width: 1} (total messages: 2):
• 'dash': 'LongDash' is a deprecated dash style, use 'longdash'
• 'label': Line plot's x_lines or y_lines 'label' field is expected to be a string. Other fields other than 'text' are deprecated and will be ignored
[2025-09-25 21:03:56,532] multiqc.report                                     [DEBUG  ]  Wrote data file multiqc_dupradar.txt
[2025-09-25 21:03:56,610] multiqc.report                                     [DEBUG  ]  Wrote data file multiqc_dupradar.json
[2025-09-25 21:03:56,610] multiqc.core.special_case_modules.custom_content   [INFO   ]  dupradar: Found 1 samples (PlotType.LINE)
[2025-09-25 21:03:56,610] multiqc.core.special_case_modules.custom_content   [INFO   ]  DupInt: Found 9 General Statistics columns
[2025-09-25 21:03:56,658] multiqc.report                                     [DEBUG  ]  Wrote data file multiqc_fail_strand_check_table.txt
[2025-09-25 21:03:56,658] multiqc.report                                     [DEBUG  ]  Wrote data file multiqc_fail_strand_check_table.json
[2025-09-25 21:03:56,658] multiqc.core.special_case_modules.custom_content   [INFO   ]  sample-status: Found 18 samples (PlotType.TABLE)
[2025-09-25 21:03:56,658] multiqc.core.special_case_modules.custom_content   [INFO   ]  nf-core-rnaseq-methods-description: Found 1 sample (html)
[2025-09-25 21:03:56,658] multiqc.core.special_case_modules.custom_content   [INFO   ]  nf-core-rnaseq-summary: Found 1 sample (html)
[2025-09-25 21:03:56,660] multiqc.core.exec_modules                          [DEBUG  ]  Running module: picard
[2025-09-25 21:03:56,700] multiqc.modules.picard.picard                      [DEBUG  ]  Running picard tool AlignmentSummaryMetrics
[2025-09-25 21:03:56,700] multiqc.modules.picard.picard                      [DEBUG  ]  Running picard tool BaseDistributionByCycleMetrics
[2025-09-25 21:03:56,700] multiqc.modules.picard.picard                      [DEBUG  ]  Running picard tool IlluminaBasecallingMetrics
[2025-09-25 21:03:56,701] multiqc.modules.picard.picard                      [DEBUG  ]  Running picard tool IlluminaLaneMetrics
[2025-09-25 21:03:56,701] multiqc.modules.picard.picard                      [DEBUG  ]  Running picard tool CrosscheckFingerprints
[2025-09-25 21:03:56,701] multiqc.modules.picard.picard                      [DEBUG  ]  Running picard tool ExtractIlluminaBarcodes
[2025-09-25 21:03:56,701] multiqc.modules.picard.picard                      [DEBUG  ]  Running picard tool GcBiasMetrics
[2025-09-25 21:03:56,701] multiqc.modules.picard.picard                      [DEBUG  ]  Running picard tool HsMetrics
[2025-09-25 21:03:56,701] multiqc.modules.picard.picard                      [DEBUG  ]  Running picard tool InsertSizeMetrics
[2025-09-25 21:03:56,701] multiqc.modules.picard.picard                      [DEBUG  ]  Running picard tool MarkDuplicates
[2025-09-25 21:03:56,709] multiqc.report                                     [DEBUG  ]  Wrote data file multiqc_picard_dups.txt
[2025-09-25 21:03:56,709] multiqc.report                                     [DEBUG  ]  Wrote data file multiqc_picard_dups.json
[2025-09-25 21:03:56,730] multiqc.modules.picard.picard                      [INFO   ]  Found 9 MarkDuplicates reports
[2025-09-25 21:03:56,731] multiqc.modules.picard.picard                      [DEBUG  ]  Running picard tool MarkIlluminaAdapters
[2025-09-25 21:03:56,731] multiqc.report                                     [DEBUG  ]  Wrote data file picard_MarkIlluminaAdapters_histogram.txt
[2025-09-25 21:03:56,731] multiqc.report                                     [DEBUG  ]  Wrote data file picard_MarkIlluminaAdapters_histogram.json
[2025-09-25 21:03:56,731] multiqc.modules.picard.picard                      [DEBUG  ]  Running picard tool OxoGMetrics
[2025-09-25 21:03:56,731] multiqc.modules.picard.picard                      [DEBUG  ]  Running picard tool QualityByCycleMetrics
[2025-09-25 21:03:56,731] multiqc.report                                     [DEBUG  ]  Wrote data file picard_MeanQualityByCycle_histogram.txt
[2025-09-25 21:03:56,732] multiqc.report                                     [DEBUG  ]  Wrote data file picard_MeanQualityByCycle_histogram.json
[2025-09-25 21:03:56,732] multiqc.modules.picard.picard                      [DEBUG  ]  Running picard tool QualityScoreDistributionMetrics
[2025-09-25 21:03:56,732] multiqc.report                                     [DEBUG  ]  Wrote data file picard_QualityScoreDistribution_histogram.txt
[2025-09-25 21:03:56,732] multiqc.report                                     [DEBUG  ]  Wrote data file picard_QualityScoreDistribution_histogram.json
[2025-09-25 21:03:56,732] multiqc.modules.picard.picard                      [DEBUG  ]  Running picard tool QualityYieldMetrics
[2025-09-25 21:03:56,732] multiqc.modules.picard.picard                      [DEBUG  ]  Running picard tool RnaSeqMetrics
[2025-09-25 21:03:56,732] multiqc.modules.picard.picard                      [DEBUG  ]  Running picard tool RrbsSummaryMetrics
[2025-09-25 21:03:56,732] multiqc.modules.picard.picard                      [DEBUG  ]  Running picard tool TargetedPcrMetrics
[2025-09-25 21:03:56,732] multiqc.modules.picard.picard                      [DEBUG  ]  Running picard tool ValidateSamFile
[2025-09-25 21:03:56,732] multiqc.modules.picard.picard                      [DEBUG  ]  Running picard tool VariantCallingMetrics
[2025-09-25 21:03:56,732] multiqc.modules.picard.picard                      [DEBUG  ]  Running picard tool WgsMetrics
[2025-09-25 21:03:56,732] multiqc.base_module                                [DEBUG  ]  picard: deleting attribute self.general_stats_headers
[2025-09-25 21:03:56,732] multiqc.base_module                                [DEBUG  ]  picard: deleting attribute self.general_stats_data
[2025-09-25 21:03:56,733] multiqc.base_module                                [DEBUG  ]  picard: deleting attribute self.samples_parsed_by_tool
[2025-09-25 21:03:56,733] multiqc.core.exec_modules                          [DEBUG  ]  Running module: qualimap
[2025-09-25 21:03:56,752] multiqc.report                                     [DEBUG  ]  Wrote data file qualimap_rnaseq_genome_results.txt
[2025-09-25 21:03:56,752] multiqc.report                                     [DEBUG  ]  Wrote data file qualimap_rnaseq_genome_results.json
[2025-09-25 21:03:56,771] multiqc.report                                     [DEBUG  ]  Wrote data file qualimap_rnaseq_cov_hist.txt
[2025-09-25 21:03:56,773] multiqc.report                                     [DEBUG  ]  Wrote data file qualimap_rnaseq_cov_hist.json
[2025-09-25 21:03:56,798] multiqc.modules.qualimap.qualimap                  [INFO   ]  Found 9 RNASeq reports
[2025-09-25 21:03:56,798] multiqc.core.exec_modules                          [DEBUG  ]  Running module: rsem
[2025-09-25 21:03:56,807] multiqc.modules.rsem.rsem                          [INFO   ]  Found 9 reports
[2025-09-25 21:03:56,807] multiqc.report                                     [DEBUG  ]  Wrote data file multiqc_rsem.txt
[2025-09-25 21:03:56,807] multiqc.report                                     [DEBUG  ]  Wrote data file multiqc_rsem.json
[2025-09-25 21:03:56,851] multiqc.base_module                                [DEBUG  ]  rsem: deleting attribute self.rsem_mapped_data
[2025-09-25 21:03:56,851] multiqc.base_module                                [DEBUG  ]  rsem: deleting attribute self.rsem_multimapping_data
[2025-09-25 21:03:56,851] multiqc.core.exec_modules                          [DEBUG  ]  Running module: rseqc
[2025-09-25 21:03:56,863] multiqc.report                                     [DEBUG  ]  Wrote data file multiqc_rseqc_read_distribution.txt
[2025-09-25 21:03:56,863] multiqc.report                                     [DEBUG  ]  Wrote data file multiqc_rseqc_read_distribution.json
[2025-09-25 21:03:56,881] multiqc.modules.rseqc.rseqc                        [INFO   ]  Found 9 read_distribution reports
[2025-09-25 21:03:56,887] multiqc.report                                     [DEBUG  ]  Wrote data file rseqc_inner_distance.txt
[2025-09-25 21:03:56,888] multiqc.report                                     [DEBUG  ]  Wrote data file rseqc_inner_distance.json
[2025-09-25 21:03:56,912] multiqc.modules.rseqc.rseqc                        [INFO   ]  Found 9 inner_distance reports
[2025-09-25 21:03:56,922] multiqc.report                                     [DEBUG  ]  Wrote data file rseqc_read_dups.txt
[2025-09-25 21:03:56,927] multiqc.report                                     [DEBUG  ]  Wrote data file rseqc_read_dups.json
[2025-09-25 21:03:56,951] multiqc.modules.rseqc.rseqc                        [INFO   ]  Found 9 read_duplication reports
[2025-09-25 21:03:56,957] multiqc.report                                     [DEBUG  ]  Wrote data file multiqc_rseqc_junction_annotation.txt
[2025-09-25 21:03:56,957] multiqc.report                                     [DEBUG  ]  Wrote data file multiqc_rseqc_junction_annotation.json
[2025-09-25 21:03:56,976] multiqc.modules.rseqc.rseqc                        [INFO   ]  Found 9 junction_annotation reports
[2025-09-25 21:03:56,980] multiqc.report                                     [DEBUG  ]  Wrote data file rseqc_junction_saturation_all.txt
[2025-09-25 21:03:56,981] multiqc.report                                     [DEBUG  ]  Wrote data file rseqc_junction_saturation_all.json
[2025-09-25 21:03:56,981] multiqc.report                                     [DEBUG  ]  Wrote data file junction_saturation_known.txt
[2025-09-25 21:03:56,981] multiqc.report                                     [DEBUG  ]  Wrote data file junction_saturation_known.json
[2025-09-25 21:03:56,982] multiqc.report                                     [DEBUG  ]  Wrote data file junction_saturation_novel.txt
[2025-09-25 21:03:56,982] multiqc.report                                     [DEBUG  ]  Wrote data file junction_saturation_novel.json
[2025-09-25 21:03:57,003] multiqc.modules.rseqc.rseqc                        [INFO   ]  Found 9 junction_saturation reports
[2025-09-25 21:03:57,008] multiqc.report                                     [DEBUG  ]  Wrote data file multiqc_rseqc_infer_experiment.txt
[2025-09-25 21:03:57,008] multiqc.report                                     [DEBUG  ]  Wrote data file multiqc_rseqc_infer_experiment.json
[2025-09-25 21:03:57,027] multiqc.modules.rseqc.rseqc                        [INFO   ]  Found 9 infer_experiment reports
[2025-09-25 21:03:57,032] multiqc.report                                     [DEBUG  ]  Wrote data file multiqc_rseqc_bam_stat.txt
[2025-09-25 21:03:57,032] multiqc.report                                     [DEBUG  ]  Wrote data file multiqc_rseqc_bam_stat.json
[2025-09-25 21:03:57,033] multiqc.plots.table_object                         [DEBUG  ]  Table key 'mapq_lt_mapq_cut_non' not found in data for 'rseqc_bam_stat'. Skipping. Check for possible typos between data keys and header keys
[2025-09-25 21:03:57,071] multiqc.modules.rseqc.rseqc                        [INFO   ]  Found 9 bam_stat reports
[2025-09-25 21:03:57,071] multiqc.core.exec_modules                          [DEBUG  ]  Running module: samtools
[2025-09-25 21:03:57,087] multiqc.modules.samtools.stats                     [DEBUG  ]  Duplicate sample name found! Overwriting: 14340-YK-1
[2025-09-25 21:03:57,090] multiqc.modules.samtools.stats                     [DEBUG  ]  Duplicate sample name found! Overwriting: 14340-YK-2
[2025-09-25 21:03:57,093] multiqc.modules.samtools.stats                     [DEBUG  ]  Duplicate sample name found! Overwriting: 14340-YK-3
[2025-09-25 21:03:57,097] multiqc.modules.samtools.stats                     [DEBUG  ]  Duplicate sample name found! Overwriting: 14340-YK-4
[2025-09-25 21:03:57,100] multiqc.modules.samtools.stats                     [DEBUG  ]  Duplicate sample name found! Overwriting: 14340-YK-5
[2025-09-25 21:03:57,103] multiqc.modules.samtools.stats                     [DEBUG  ]  Duplicate sample name found! Overwriting: 14340-YK-6
[2025-09-25 21:03:57,106] multiqc.modules.samtools.stats                     [DEBUG  ]  Duplicate sample name found! Overwriting: 14340-YK-7
[2025-09-25 21:03:57,109] multiqc.modules.samtools.stats                     [DEBUG  ]  Duplicate sample name found! Overwriting: 14340-YK-8
[2025-09-25 21:03:57,112] multiqc.modules.samtools.stats                     [DEBUG  ]  Duplicate sample name found! Overwriting: 14340-YK-9
[2025-09-25 21:03:57,179] multiqc.report                                     [DEBUG  ]  Wrote data file multiqc_samtools_stats.txt
[2025-09-25 21:03:57,180] multiqc.report                                     [DEBUG  ]  Wrote data file multiqc_samtools_stats.json
[2025-09-25 21:03:57,180] multiqc.modules.samtools.samtools                  [INFO   ]  Found 9 stats reports
[2025-09-25 21:03:57,184] multiqc.modules.samtools.flagstat                  [DEBUG  ]  Duplicate sample name found! Overwriting: 14340-YK-1
[2025-09-25 21:03:57,186] multiqc.modules.samtools.flagstat                  [DEBUG  ]  Duplicate sample name found! Overwriting: 14340-YK-2
[2025-09-25 21:03:57,187] multiqc.modules.samtools.flagstat                  [DEBUG  ]  Duplicate sample name found! Overwriting: 14340-YK-3
[2025-09-25 21:03:57,188] multiqc.modules.samtools.flagstat                  [DEBUG  ]  Duplicate sample name found! Overwriting: 14340-YK-4
[2025-09-25 21:03:57,189] multiqc.modules.samtools.flagstat                  [DEBUG  ]  Duplicate sample name found! Overwriting: 14340-YK-5
[2025-09-25 21:03:57,190] multiqc.modules.samtools.flagstat                  [DEBUG  ]  Duplicate sample name found! Overwriting: 14340-YK-6
[2025-09-25 21:03:57,191] multiqc.modules.samtools.flagstat                  [DEBUG  ]  Duplicate sample name found! Overwriting: 14340-YK-7
[2025-09-25 21:03:57,192] multiqc.modules.samtools.flagstat                  [DEBUG  ]  Duplicate sample name found! Overwriting: 14340-YK-8
[2025-09-25 21:03:57,193] multiqc.modules.samtools.flagstat                  [DEBUG  ]  Duplicate sample name found! Overwriting: 14340-YK-9
[2025-09-25 21:03:57,291] multiqc.report                                     [DEBUG  ]  Wrote data file multiqc_samtools_flagstat.txt
[2025-09-25 21:03:57,292] multiqc.report                                     [DEBUG  ]  Wrote data file multiqc_samtools_flagstat.json
[2025-09-25 21:03:57,292] multiqc.modules.samtools.samtools                  [INFO   ]  Found 9 flagstat reports
[2025-09-25 21:03:57,295] multiqc.modules.samtools.idxstats                  [DEBUG  ]  Duplicate sample name found! Overwriting: 14340-YK-1
[2025-09-25 21:03:57,297] multiqc.modules.samtools.idxstats                  [DEBUG  ]  Duplicate sample name found! Overwriting: 14340-YK-2
[2025-09-25 21:03:57,298] multiqc.modules.samtools.idxstats                  [DEBUG  ]  Duplicate sample name found! Overwriting: 14340-YK-3
[2025-09-25 21:03:57,299] multiqc.modules.samtools.idxstats                  [DEBUG  ]  Duplicate sample name found! Overwriting: 14340-YK-4
[2025-09-25 21:03:57,300] multiqc.modules.samtools.idxstats                  [DEBUG  ]  Duplicate sample name found! Overwriting: 14340-YK-5
[2025-09-25 21:03:57,302] multiqc.modules.samtools.idxstats                  [DEBUG  ]  Duplicate sample name found! Overwriting: 14340-YK-6
[2025-09-25 21:03:57,303] multiqc.modules.samtools.idxstats                  [DEBUG  ]  Duplicate sample name found! Overwriting: 14340-YK-7
[2025-09-25 21:03:57,304] multiqc.modules.samtools.idxstats                  [DEBUG  ]  Duplicate sample name found! Overwriting: 14340-YK-8
[2025-09-25 21:03:57,305] multiqc.modules.samtools.idxstats                  [DEBUG  ]  Duplicate sample name found! Overwriting: 14340-YK-9
[2025-09-25 21:03:57,360] multiqc.report                                     [DEBUG  ]  Wrote data file multiqc_samtools_idxstats.txt
[2025-09-25 21:03:57,367] multiqc.report                                     [DEBUG  ]  Wrote data file multiqc_samtools_idxstats.json
[2025-09-25 21:03:57,367] multiqc.modules.samtools.samtools                  [INFO   ]  Found 9 idxstats reports
[2025-09-25 21:03:57,367] multiqc.base_module                                [DEBUG  ]  samtools: deleting attribute self.samtools_idxstats
[2025-09-25 21:03:57,367] multiqc.core.exec_modules                          [DEBUG  ]  Running module: fastqc
[2025-09-25 21:03:57,383] multiqc.base_module                                [DEBUG  ]  fastqc/zip - Skipping '35/14340-YK-1_trimmed_1_val_1_fastqc.zip' as it didn't match the path_filters for 'FastQC (raw)'
[2025-09-25 21:03:57,383] multiqc.base_module                                [DEBUG  ]  fastqc/zip - Selecting '9/14340-YK-1_raw_1_fastqc.zip' as it matched the path_filters for 'FastQC (raw)'
[2025-09-25 21:03:57,396] multiqc.base_module                                [DEBUG  ]  fastqc/zip - Skipping '36/14340-YK-1_trimmed_2_val_2_fastqc.zip' as it didn't match the path_filters for 'FastQC (raw)'
[2025-09-25 21:03:57,396] multiqc.base_module                                [DEBUG  ]  fastqc/zip - Selecting '10/14340-YK-1_raw_2_fastqc.zip' as it matched the path_filters for 'FastQC (raw)'
[2025-09-25 21:03:57,408] multiqc.base_module                                [DEBUG  ]  fastqc/zip - Selecting '19/14340-YK-2_raw_1_fastqc.zip' as it matched the path_filters for 'FastQC (raw)'
[2025-09-25 21:03:57,418] multiqc.base_module                                [DEBUG  ]  fastqc/zip - Skipping '55/14340-YK-2_trimmed_1_val_1_fastqc.zip' as it didn't match the path_filters for 'FastQC (raw)'
[2025-09-25 21:03:57,418] multiqc.base_module                                [DEBUG  ]  fastqc/zip - Selecting '20/14340-YK-2_raw_2_fastqc.zip' as it matched the path_filters for 'FastQC (raw)'
[2025-09-25 21:03:57,428] multiqc.base_module                                [DEBUG  ]  fastqc/zip - Skipping '56/14340-YK-2_trimmed_2_val_2_fastqc.zip' as it didn't match the path_filters for 'FastQC (raw)'
[2025-09-25 21:03:57,428] multiqc.base_module                                [DEBUG  ]  fastqc/zip - Selecting '17/14340-YK-3_raw_1_fastqc.zip' as it matched the path_filters for 'FastQC (raw)'
[2025-09-25 21:03:57,439] multiqc.base_module                                [DEBUG  ]  fastqc/zip - Skipping '47/14340-YK-3_trimmed_1_val_1_fastqc.zip' as it didn't match the path_filters for 'FastQC (raw)'
[2025-09-25 21:03:57,439] multiqc.base_module                                [DEBUG  ]  fastqc/zip - Selecting '18/14340-YK-3_raw_2_fastqc.zip' as it matched the path_filters for 'FastQC (raw)'
[2025-09-25 21:03:57,452] multiqc.base_module                                [DEBUG  ]  fastqc/zip - Skipping '48/14340-YK-3_trimmed_2_val_2_fastqc.zip' as it didn't match the path_filters for 'FastQC (raw)'
[2025-09-25 21:03:57,452] multiqc.base_module                                [DEBUG  ]  fastqc/zip - Selecting '11/14340-YK-4_raw_1_fastqc.zip' as it matched the path_filters for 'FastQC (raw)'
[2025-09-25 21:03:57,463] multiqc.base_module                                [DEBUG  ]  fastqc/zip - Skipping '39/14340-YK-4_trimmed_1_val_1_fastqc.zip' as it didn't match the path_filters for 'FastQC (raw)'
[2025-09-25 21:03:57,463] multiqc.base_module                                [DEBUG  ]  fastqc/zip - Skipping '40/14340-YK-4_trimmed_2_val_2_fastqc.zip' as it didn't match the path_filters for 'FastQC (raw)'
[2025-09-25 21:03:57,463] multiqc.base_module                                [DEBUG  ]  fastqc/zip - Selecting '12/14340-YK-4_raw_2_fastqc.zip' as it matched the path_filters for 'FastQC (raw)'
[2025-09-25 21:03:57,473] multiqc.base_module                                [DEBUG  ]  fastqc/zip - Skipping '51/14340-YK-5_trimmed_1_val_1_fastqc.zip' as it didn't match the path_filters for 'FastQC (raw)'
[2025-09-25 21:03:57,473] multiqc.base_module                                [DEBUG  ]  fastqc/zip - Selecting '13/14340-YK-5_raw_1_fastqc.zip' as it matched the path_filters for 'FastQC (raw)'
[2025-09-25 21:03:57,482] multiqc.base_module                                [DEBUG  ]  fastqc/zip - Skipping '52/14340-YK-5_trimmed_2_val_2_fastqc.zip' as it didn't match the path_filters for 'FastQC (raw)'
[2025-09-25 21:03:57,482] multiqc.base_module                                [DEBUG  ]  fastqc/zip - Selecting '14/14340-YK-5_raw_2_fastqc.zip' as it matched the path_filters for 'FastQC (raw)'
[2025-09-25 21:03:57,492] multiqc.base_module                                [DEBUG  ]  fastqc/zip - Skipping '23/14340-YK-6_trimmed_1_val_1_fastqc.zip' as it didn't match the path_filters for 'FastQC (raw)'
[2025-09-25 21:03:57,492] multiqc.base_module                                [DEBUG  ]  fastqc/zip - Selecting '3/14340-YK-6_raw_1_fastqc.zip' as it matched the path_filters for 'FastQC (raw)'
[2025-09-25 21:03:57,502] multiqc.base_module                                [DEBUG  ]  fastqc/zip - Skipping '24/14340-YK-6_trimmed_2_val_2_fastqc.zip' as it didn't match the path_filters for 'FastQC (raw)'
[2025-09-25 21:03:57,502] multiqc.base_module                                [DEBUG  ]  fastqc/zip - Selecting '4/14340-YK-6_raw_2_fastqc.zip' as it matched the path_filters for 'FastQC (raw)'
[2025-09-25 21:03:57,512] multiqc.base_module                                [DEBUG  ]  fastqc/zip - Selecting '15/14340-YK-7_raw_1_fastqc.zip' as it matched the path_filters for 'FastQC (raw)'
[2025-09-25 21:03:57,522] multiqc.base_module                                [DEBUG  ]  fastqc/zip - Skipping '43/14340-YK-7_trimmed_1_val_1_fastqc.zip' as it didn't match the path_filters for 'FastQC (raw)'
[2025-09-25 21:03:57,522] multiqc.base_module                                [DEBUG  ]  fastqc/zip - Skipping '44/14340-YK-7_trimmed_2_val_2_fastqc.zip' as it didn't match the path_filters for 'FastQC (raw)'
[2025-09-25 21:03:57,522] multiqc.base_module                                [DEBUG  ]  fastqc/zip - Selecting '16/14340-YK-7_raw_2_fastqc.zip' as it matched the path_filters for 'FastQC (raw)'
[2025-09-25 21:03:57,531] multiqc.base_module                                [DEBUG  ]  fastqc/zip - Skipping '27/14340-YK-8_trimmed_1_val_1_fastqc.zip' as it didn't match the path_filters for 'FastQC (raw)'
[2025-09-25 21:03:57,531] multiqc.base_module                                [DEBUG  ]  fastqc/zip - Selecting '5/14340-YK-8_raw_1_fastqc.zip' as it matched the path_filters for 'FastQC (raw)'
[2025-09-25 21:03:57,541] multiqc.base_module                                [DEBUG  ]  fastqc/zip - Selecting '6/14340-YK-8_raw_2_fastqc.zip' as it matched the path_filters for 'FastQC (raw)'
[2025-09-25 21:03:57,550] multiqc.base_module                                [DEBUG  ]  fastqc/zip - Skipping '28/14340-YK-8_trimmed_2_val_2_fastqc.zip' as it didn't match the path_filters for 'FastQC (raw)'
[2025-09-25 21:03:57,550] multiqc.base_module                                [DEBUG  ]  fastqc/zip - Selecting '7/14340-YK-9_raw_1_fastqc.zip' as it matched the path_filters for 'FastQC (raw)'
[2025-09-25 21:03:57,559] multiqc.base_module                                [DEBUG  ]  fastqc/zip - Skipping '31/14340-YK-9_trimmed_1_val_1_fastqc.zip' as it didn't match the path_filters for 'FastQC (raw)'
[2025-09-25 21:03:57,559] multiqc.base_module                                [DEBUG  ]  fastqc/zip - Selecting '8/14340-YK-9_raw_2_fastqc.zip' as it matched the path_filters for 'FastQC (raw)'
[2025-09-25 21:03:57,570] multiqc.base_module                                [DEBUG  ]  fastqc/zip - Skipping '32/14340-YK-9_trimmed_2_val_2_fastqc.zip' as it didn't match the path_filters for 'FastQC (raw)'
[2025-09-25 21:03:57,570] multiqc.modules.fastqc.fastqc                      [INFO   ]  Found 18 reports
[2025-09-25 21:03:57,893] multiqc.report                                     [DEBUG  ]  Wrote data file multiqc_fastqc_fastqc_raw.txt
[2025-09-25 21:03:57,894] multiqc.report                                     [DEBUG  ]  Wrote data file multiqc_fastqc_fastqc_raw.json
[2025-09-25 21:03:57,897] multiqc.base_module                                [DEBUG  ]  fastqc_raw: deleting attribute self.order_of_duplication_levels
[2025-09-25 21:03:57,897] multiqc.base_module                                [DEBUG  ]  fastqc_raw: deleting attribute self.status_colours
[2025-09-25 21:03:57,897] multiqc.core.exec_modules                          [DEBUG  ]  Running module: cutadapt
[2025-09-25 21:03:57,951] multiqc.modules.cutadapt.cutadapt                  [INFO   ]  Found 18 reports
[2025-09-25 21:03:57,952] multiqc.report                                     [DEBUG  ]  Wrote data file multiqc_cutadapt.txt
[2025-09-25 21:03:57,952] multiqc.report                                     [DEBUG  ]  Wrote data file multiqc_cutadapt.json
[2025-09-25 21:03:58,033] multiqc.base_module                                [DEBUG  ]  cutadapt: deleting attribute self.cutadapt_data
[2025-09-25 21:03:58,033] multiqc.base_module                                [DEBUG  ]  cutadapt: deleting attribute self.cutadapt_length_counts
[2025-09-25 21:03:58,033] multiqc.base_module                                [DEBUG  ]  cutadapt: deleting attribute self.cutadapt_length_exp
[2025-09-25 21:03:58,033] multiqc.base_module                                [DEBUG  ]  cutadapt: deleting attribute self.cutadapt_length_obsexp
[2025-09-25 21:03:58,033] multiqc.core.exec_modules                          [DEBUG  ]  Running module: fastqc
[2025-09-25 21:03:58,036] multiqc.base_module                                [DEBUG  ]  fastqc/zip - Selecting '35/14340-YK-1_trimmed_1_val_1_fastqc.zip' as it matched the path_filters for 'FastQC (trimmed)'
[2025-09-25 21:03:58,047] multiqc.base_module                                [DEBUG  ]  fastqc/zip - Skipping '9/14340-YK-1_raw_1_fastqc.zip' as it didn't match the path_filters for 'FastQC (trimmed)'
[2025-09-25 21:03:58,047] multiqc.base_module                                [DEBUG  ]  fastqc/zip - Selecting '36/14340-YK-1_trimmed_2_val_2_fastqc.zip' as it matched the path_filters for 'FastQC (trimmed)'
[2025-09-25 21:03:58,059] multiqc.base_module                                [DEBUG  ]  fastqc/zip - Skipping '10/14340-YK-1_raw_2_fastqc.zip' as it didn't match the path_filters for 'FastQC (trimmed)'
[2025-09-25 21:03:58,059] multiqc.base_module                                [DEBUG  ]  fastqc/zip - Skipping '19/14340-YK-2_raw_1_fastqc.zip' as it didn't match the path_filters for 'FastQC (trimmed)'
[2025-09-25 21:03:58,059] multiqc.base_module                                [DEBUG  ]  fastqc/zip - Selecting '55/14340-YK-2_trimmed_1_val_1_fastqc.zip' as it matched the path_filters for 'FastQC (trimmed)'
[2025-09-25 21:03:58,070] multiqc.base_module                                [DEBUG  ]  fastqc/zip - Skipping '20/14340-YK-2_raw_2_fastqc.zip' as it didn't match the path_filters for 'FastQC (trimmed)'
[2025-09-25 21:03:58,070] multiqc.base_module                                [DEBUG  ]  fastqc/zip - Selecting '56/14340-YK-2_trimmed_2_val_2_fastqc.zip' as it matched the path_filters for 'FastQC (trimmed)'
[2025-09-25 21:03:58,082] multiqc.base_module                                [DEBUG  ]  fastqc/zip - Skipping '17/14340-YK-3_raw_1_fastqc.zip' as it didn't match the path_filters for 'FastQC (trimmed)'
[2025-09-25 21:03:58,082] multiqc.base_module                                [DEBUG  ]  fastqc/zip - Selecting '47/14340-YK-3_trimmed_1_val_1_fastqc.zip' as it matched the path_filters for 'FastQC (trimmed)'
[2025-09-25 21:03:58,093] multiqc.base_module                                [DEBUG  ]  fastqc/zip - Skipping '18/14340-YK-3_raw_2_fastqc.zip' as it didn't match the path_filters for 'FastQC (trimmed)'
[2025-09-25 21:03:58,093] multiqc.base_module                                [DEBUG  ]  fastqc/zip - Selecting '48/14340-YK-3_trimmed_2_val_2_fastqc.zip' as it matched the path_filters for 'FastQC (trimmed)'
[2025-09-25 21:03:58,102] multiqc.base_module                                [DEBUG  ]  fastqc/zip - Skipping '11/14340-YK-4_raw_1_fastqc.zip' as it didn't match the path_filters for 'FastQC (trimmed)'
[2025-09-25 21:03:58,102] multiqc.base_module                                [DEBUG  ]  fastqc/zip - Selecting '39/14340-YK-4_trimmed_1_val_1_fastqc.zip' as it matched the path_filters for 'FastQC (trimmed)'
[2025-09-25 21:03:58,114] multiqc.base_module                                [DEBUG  ]  fastqc/zip - Selecting '40/14340-YK-4_trimmed_2_val_2_fastqc.zip' as it matched the path_filters for 'FastQC (trimmed)'
[2025-09-25 21:03:58,124] multiqc.base_module                                [DEBUG  ]  fastqc/zip - Skipping '12/14340-YK-4_raw_2_fastqc.zip' as it didn't match the path_filters for 'FastQC (trimmed)'
[2025-09-25 21:03:58,124] multiqc.base_module                                [DEBUG  ]  fastqc/zip - Selecting '51/14340-YK-5_trimmed_1_val_1_fastqc.zip' as it matched the path_filters for 'FastQC (trimmed)'
[2025-09-25 21:03:58,134] multiqc.base_module                                [DEBUG  ]  fastqc/zip - Skipping '13/14340-YK-5_raw_1_fastqc.zip' as it didn't match the path_filters for 'FastQC (trimmed)'
[2025-09-25 21:03:58,134] multiqc.base_module                                [DEBUG  ]  fastqc/zip - Selecting '52/14340-YK-5_trimmed_2_val_2_fastqc.zip' as it matched the path_filters for 'FastQC (trimmed)'
[2025-09-25 21:03:58,145] multiqc.base_module                                [DEBUG  ]  fastqc/zip - Skipping '14/14340-YK-5_raw_2_fastqc.zip' as it didn't match the path_filters for 'FastQC (trimmed)'
[2025-09-25 21:03:58,145] multiqc.base_module                                [DEBUG  ]  fastqc/zip - Selecting '23/14340-YK-6_trimmed_1_val_1_fastqc.zip' as it matched the path_filters for 'FastQC (trimmed)'
[2025-09-25 21:03:58,158] multiqc.base_module                                [DEBUG  ]  fastqc/zip - Skipping '3/14340-YK-6_raw_1_fastqc.zip' as it didn't match the path_filters for 'FastQC (trimmed)'
[2025-09-25 21:03:58,158] multiqc.base_module                                [DEBUG  ]  fastqc/zip - Selecting '24/14340-YK-6_trimmed_2_val_2_fastqc.zip' as it matched the path_filters for 'FastQC (trimmed)'
[2025-09-25 21:03:58,173] multiqc.base_module                                [DEBUG  ]  fastqc/zip - Skipping '4/14340-YK-6_raw_2_fastqc.zip' as it didn't match the path_filters for 'FastQC (trimmed)'
[2025-09-25 21:03:58,173] multiqc.base_module                                [DEBUG  ]  fastqc/zip - Skipping '15/14340-YK-7_raw_1_fastqc.zip' as it didn't match the path_filters for 'FastQC (trimmed)'
[2025-09-25 21:03:58,173] multiqc.base_module                                [DEBUG  ]  fastqc/zip - Selecting '43/14340-YK-7_trimmed_1_val_1_fastqc.zip' as it matched the path_filters for 'FastQC (trimmed)'
[2025-09-25 21:03:58,185] multiqc.base_module                                [DEBUG  ]  fastqc/zip - Selecting '44/14340-YK-7_trimmed_2_val_2_fastqc.zip' as it matched the path_filters for 'FastQC (trimmed)'
[2025-09-25 21:03:58,195] multiqc.base_module                                [DEBUG  ]  fastqc/zip - Skipping '16/14340-YK-7_raw_2_fastqc.zip' as it didn't match the path_filters for 'FastQC (trimmed)'
[2025-09-25 21:03:58,196] multiqc.base_module                                [DEBUG  ]  fastqc/zip - Selecting '27/14340-YK-8_trimmed_1_val_1_fastqc.zip' as it matched the path_filters for 'FastQC (trimmed)'
[2025-09-25 21:03:58,206] multiqc.base_module                                [DEBUG  ]  fastqc/zip - Skipping '5/14340-YK-8_raw_1_fastqc.zip' as it didn't match the path_filters for 'FastQC (trimmed)'
[2025-09-25 21:03:58,206] multiqc.base_module                                [DEBUG  ]  fastqc/zip - Skipping '6/14340-YK-8_raw_2_fastqc.zip' as it didn't match the path_filters for 'FastQC (trimmed)'
[2025-09-25 21:03:58,206] multiqc.base_module                                [DEBUG  ]  fastqc/zip - Selecting '28/14340-YK-8_trimmed_2_val_2_fastqc.zip' as it matched the path_filters for 'FastQC (trimmed)'
[2025-09-25 21:03:58,222] multiqc.base_module                                [DEBUG  ]  fastqc/zip - Skipping '7/14340-YK-9_raw_1_fastqc.zip' as it didn't match the path_filters for 'FastQC (trimmed)'
[2025-09-25 21:03:58,222] multiqc.base_module                                [DEBUG  ]  fastqc/zip - Selecting '31/14340-YK-9_trimmed_1_val_1_fastqc.zip' as it matched the path_filters for 'FastQC (trimmed)'
[2025-09-25 21:03:58,234] multiqc.base_module                                [DEBUG  ]  fastqc/zip - Skipping '8/14340-YK-9_raw_2_fastqc.zip' as it didn't match the path_filters for 'FastQC (trimmed)'
[2025-09-25 21:03:58,234] multiqc.base_module                                [DEBUG  ]  fastqc/zip - Selecting '32/14340-YK-9_trimmed_2_val_2_fastqc.zip' as it matched the path_filters for 'FastQC (trimmed)'
[2025-09-25 21:03:58,250] multiqc.modules.fastqc.fastqc                      [INFO   ]  Found 18 reports
[2025-09-25 21:03:58,680] multiqc.report                                     [DEBUG  ]  Wrote data file multiqc_fastqc_fastqc_trimmed.txt
[2025-09-25 21:03:58,680] multiqc.report                                     [DEBUG  ]  Wrote data file multiqc_fastqc_fastqc_trimmed.json
[2025-09-25 21:03:58,681] multiqc.base_module                                [DEBUG  ]  fastqc_trimmed: deleting attribute self.order_of_duplication_levels
[2025-09-25 21:03:58,681] multiqc.base_module                                [DEBUG  ]  fastqc_trimmed: deleting attribute self.status_colours
[2025-09-25 21:03:58,681] multiqc.core.software_versions                     [DEBUG  ]  Reading software versions from config.software_versions
[2025-09-25 21:03:58,682] multiqc.core.software_versions                     [DEBUG  ]  Reading software versions settings from: 238/nf_core_rnaseq_software_mqc_versions.yml
[2025-09-25 21:03:58,690] multiqc.core.file_search                           [INFO   ]  Only using modules: picard, qualimap, rsem, rseqc, samtools, fastqc, cutadapt, fastqc, biotype_counts, dupradar, sample-status, nf-core-rnaseq-methods-description, nf-core-rnaseq-summary
[2025-09-25 21:03:58,691] multiqc.report                                     [DEBUG  ]  Wrote data file multiqc_software_versions.txt
[2025-09-25 21:03:58,691] multiqc.core.order_modules_and_sections            [DEBUG  ]  config.report_section_order: module 'fail_trimmed_samples-module' not found.
[2025-09-25 21:03:58,691] multiqc.core.order_modules_and_sections            [DEBUG  ]  config.report_section_order: module 'fail_mapped_samples-module' not found.
[2025-09-25 21:03:58,691] multiqc.core.order_modules_and_sections            [DEBUG  ]  config.report_section_order: module 'fail_strand_check-module' not found.
[2025-09-25 21:03:58,691] multiqc.core.order_modules_and_sections            [DEBUG  ]  config.report_section_order: module 'fastp' not found.
[2025-09-25 21:03:58,691] multiqc.core.order_modules_and_sections            [DEBUG  ]  config.report_section_order: module 'star' not found.
[2025-09-25 21:03:58,691] multiqc.core.order_modules_and_sections            [DEBUG  ]  config.report_section_order: module 'hisat2' not found.
[2025-09-25 21:03:58,691] multiqc.core.order_modules_and_sections            [DEBUG  ]  config.report_section_order: module 'featurecounts_biotype' not found.
[2025-09-25 21:03:58,691] multiqc.core.order_modules_and_sections            [DEBUG  ]  config.report_section_order: module 'preseq' not found.
[2025-09-25 21:03:58,691] multiqc.core.order_modules_and_sections            [DEBUG  ]  config.report_section_order: module 'umitools' not found.
[2025-09-25 21:03:58,691] multiqc.core.order_modules_and_sections            [DEBUG  ]  config.report_section_order: module 'salmon' not found.
[2025-09-25 21:03:58,691] multiqc.core.order_modules_and_sections            [DEBUG  ]  config.report_section_order: module 'kallisto' not found.
[2025-09-25 21:03:58,691] multiqc.core.order_modules_and_sections            [DEBUG  ]  config.report_section_order: module 'sample-relationships' not found.
[2025-09-25 21:03:58,691] multiqc.core.order_modules_and_sections            [DEBUG  ]  config.report_section_order: module 'star_salmon_deseq2_pca' not found.
[2025-09-25 21:03:58,691] multiqc.core.order_modules_and_sections            [DEBUG  ]  config.report_section_order: module 'star_salmon_deseq2_clustering' not found.
[2025-09-25 21:03:58,691] multiqc.core.order_modules_and_sections            [DEBUG  ]  config.report_section_order: module 'salmon_deseq2_pca' not found.
[2025-09-25 21:03:58,691] multiqc.core.order_modules_and_sections            [DEBUG  ]  config.report_section_order: module 'salmon_deseq2_clustering' not found.
[2025-09-25 21:03:58,691] multiqc.core.order_modules_and_sections            [DEBUG  ]  config.report_section_order: module 'star_rsem_deseq2_pca' not found.
[2025-09-25 21:03:58,691] multiqc.core.order_modules_and_sections            [DEBUG  ]  config.report_section_order: module 'star_rsem_deseq2_clustering' not found.
[2025-09-25 21:03:58,691] multiqc.core.order_modules_and_sections            [DEBUG  ]  config.report_section_order: module 'software_versions-module' not found.
[2025-09-25 21:03:58,691] multiqc.core.write_results                         [INFO   ]  Rendering plots. Export plots to formats png, svg, pdf is requested, so it might take a while. To disable plot export, set `export_plots: false` in config, or remove the `--export-plots` command line flag
[2025-09-25 21:04:30,263] multiqc.plots.plot                                 [WARNING]  Batch plot export timed out after 30s. Only 0 of 201 plots were exported. This is likely due to a known issue in Kaleido. The remaining plots will be skipped but the report will continue to generate.
[2025-09-25 21:04:30,263] multiqc.plots.plot                                 [WARNING]  Some plot exports failed: 0/201 completed
[2025-09-25 21:04:30,264] multiqc.plots.plot                                 [ERROR  ]  Failed to export the following PNG images: /tmp/tmpaof0r5ja/multiqc_plots/png/fail_strand_check_table.png, /tmp/tmpaof0r5ja/multiqc_plots/png/fastqc_raw_sequence_counts_plot-cnt.png, /tmp/tmpaof0r5ja/multiqc_plots/png/fastqc_raw_sequence_counts_plot-pct.png, /tmp/tmpaof0r5ja/multiqc_plots/png/fastqc_raw_per_base_sequence_quality_plot.png, /tmp/tmpaof0r5ja/multiqc_plots/png/fastqc_raw_per_sequence_quality_scores_plot.png, /tmp/tmpaof0r5ja/multiqc_plots/png/fastqc_raw_per_sequence_gc_content_plot_Percentages.png, /tmp/tmpaof0r5ja/multiqc_plots/png/fastqc_raw_per_sequence_gc_content_plot_Counts.png, /tmp/tmpaof0r5ja/multiqc_plots/png/fastqc_raw_per_base_n_content_plot.png, /tmp/tmpaof0r5ja/multiqc_plots/png/fastqc_raw_sequence_duplication_levels_plot.png, /tmp/tmpaof0r5ja/multiqc_plots/png/fastqc_raw_top_overrepresented_sequences_table.png, /tmp/tmpaof0r5ja/multiqc_plots/png/fastqc_raw_adapter_content_plot.png, /tmp/tmpaof0r5ja/multiqc_plots/png/fastqc_raw-status-check-heatmap.png, /tmp/tmpaof0r5ja/multiqc_plots/png/cutadapt_filtered_reads_plot-cnt.png, /tmp/tmpaof0r5ja/multiqc_plots/png/cutadapt_filtered_reads_plot-pct.png, /tmp/tmpaof0r5ja/multiqc_plots/png/cutadapt_trimmed_sequences_plot_3_Counts.png, /tmp/tmpaof0r5ja/multiqc_plots/png/cutadapt_trimmed_sequences_plot_3_Obs_Exp.png, /tmp/tmpaof0r5ja/multiqc_plots/png/fastqc_trimmed_sequence_counts_plot-cnt.png, /tmp/tmpaof0r5ja/multiqc_plots/png/fastqc_trimmed_sequence_counts_plot-pct.png, /tmp/tmpaof0r5ja/multiqc_plots/png/fastqc_trimmed_per_base_sequence_quality_plot.png, /tmp/tmpaof0r5ja/multiqc_plots/png/fastqc_trimmed_per_sequence_quality_scores_plot.png, /tmp/tmpaof0r5ja/multiqc_plots/png/fastqc_trimmed_per_sequence_gc_content_plot_Percentages.png, /tmp/tmpaof0r5ja/multiqc_plots/png/fastqc_trimmed_per_sequence_gc_content_plot_Counts.png, /tmp/tmpaof0r5ja/multiqc_plots/png/fastqc_trimmed_per_base_n_content_plot.png, /tmp/tmpaof0r5ja/multiqc_plots/png/fastqc_sequence_length_distribution_plot.png, /tmp/tmpaof0r5ja/multiqc_plots/png/fastqc_trimmed_sequence_duplication_levels_plot.png, /tmp/tmpaof0r5ja/multiqc_plots/png/fastqc_trimmed_top_overrepresented_sequences_table.png, /tmp/tmpaof0r5ja/multiqc_plots/png/fastqc_trimmed_adapter_content_plot.png, /tmp/tmpaof0r5ja/multiqc_plots/png/fastqc_trimmed-status-check-heatmap.png, /tmp/tmpaof0r5ja/multiqc_plots/png/dupradar.png, /tmp/tmpaof0r5ja/multiqc_plots/png/picard_deduplication-cnt.png, /tmp/tmpaof0r5ja/multiqc_plots/png/picard_deduplication-pct.png, /tmp/tmpaof0r5ja/multiqc_plots/png/qualimap_genomic_origin-cnt.png, /tmp/tmpaof0r5ja/multiqc_plots/png/qualimap_genomic_origin-pct.png, /tmp/tmpaof0r5ja/multiqc_plots/png/qualimap_gene_coverage_profile_Counts.png, /tmp/tmpaof0r5ja/multiqc_plots/png/qualimap_gene_coverage_profile_Normalised.png, /tmp/tmpaof0r5ja/multiqc_plots/png/rseqc_read_distribution_plot-cnt.png, /tmp/tmpaof0r5ja/multiqc_plots/png/rseqc_read_distribution_plot-pct.png, /tmp/tmpaof0r5ja/multiqc_plots/png/rseqc_inner_distance_plot_Counts.png, /tmp/tmpaof0r5ja/multiqc_plots/png/rseqc_inner_distance_plot_Percentages.png, /tmp/tmpaof0r5ja/multiqc_plots/png/rseqc_read_dups_plot.png, /tmp/tmpaof0r5ja/multiqc_plots/png/rseqc_junction_annotation_junctions_plot_Junctions-cnt.png, /tmp/tmpaof0r5ja/multiqc_plots/png/rseqc_junction_annotation_junctions_plot_Junctions-pct.png, /tmp/tmpaof0r5ja/multiqc_plots/png/rseqc_junction_annotation_junctions_plot_Events-cnt.png, /tmp/tmpaof0r5ja/multiqc_plots/png/rseqc_junction_annotation_junctions_plot_Events-pct.png, /tmp/tmpaof0r5ja/multiqc_plots/png/rseqc_junction_saturation_plot_All_Junctions.png, /tmp/tmpaof0r5ja/multiqc_plots/png/rseqc_junction_saturation_plot_Known_Junctions.png, /tmp/tmpaof0r5ja/multiqc_plots/png/rseqc_junction_saturation_plot_Novel_Junctions.png, /tmp/tmpaof0r5ja/multiqc_plots/png/rseqc_infer_experiment_plot.png, /tmp/tmpaof0r5ja/multiqc_plots/png/rseqc_bam_stat.png, /tmp/tmpaof0r5ja/multiqc_plots/png/samtools_alignment_plot-cnt.png, /tmp/tmpaof0r5ja/multiqc_plots/png/samtools_alignment_plot-pct.png, /tmp/tmpaof0r5ja/multiqc_plots/png/samtools-stats-dp.png, /tmp/tmpaof0r5ja/multiqc_plots/png/samtools-flagstat-table.png, /tmp/tmpaof0r5ja/multiqc_plots/png/samtools-flagstat-pct-table.png, /tmp/tmpaof0r5ja/multiqc_plots/png/samtools-idxstats-xy-plot-cnt.png, /tmp/tmpaof0r5ja/multiqc_plots/png/samtools-idxstats-xy-plot-pct.png, /tmp/tmpaof0r5ja/multiqc_plots/png/samtools-idxstats-mapped-reads-plot_Normalised_Counts-cnt.png, /tmp/tmpaof0r5ja/multiqc_plots/png/samtools-idxstats-mapped-reads-plot_Normalised_Counts-log.png, /tmp/tmpaof0r5ja/multiqc_plots/png/samtools-idxstats-mapped-reads-plot_Observed_over_Expected_Counts-cnt.png, /tmp/tmpaof0r5ja/multiqc_plots/png/samtools-idxstats-mapped-reads-plot_Observed_over_Expected_Counts-log.png, /tmp/tmpaof0r5ja/multiqc_plots/png/samtools-idxstats-mapped-reads-plot_Raw_Counts-cnt.png, /tmp/tmpaof0r5ja/multiqc_plots/png/samtools-idxstats-mapped-reads-plot_Raw_Counts-log.png, /tmp/tmpaof0r5ja/multiqc_plots/png/rsem_assignment_plot-cnt.png, /tmp/tmpaof0r5ja/multiqc_plots/png/rsem_assignment_plot-pct.png, /tmp/tmpaof0r5ja/multiqc_plots/png/rsem_multimapping_rates.png, /tmp/tmpaof0r5ja/multiqc_plots/png/featurecounts_biotype_plot-cnt.png, /tmp/tmpaof0r5ja/multiqc_plots/png/featurecounts_biotype_plot-pct.png
[2025-09-25 21:04:30,494] multiqc.report                                     [DEBUG  ]  Wrote data file multiqc_general_stats.txt
[2025-09-25 21:04:30,495] multiqc.report                                     [DEBUG  ]  Wrote data file multiqc_general_stats.json
[2025-09-25 21:04:30,662] multiqc.core.write_results                         [DEBUG  ]  Exporting plot data to files
[2025-09-25 21:04:30,662] multiqc.report                                     [DEBUG  ]  Wrote data file fastqc_raw_sequence_counts_plot.txt
[2025-09-25 21:04:30,663] multiqc.report                                     [DEBUG  ]  Wrote data file fastqc_raw_per_base_sequence_quality_plot.txt
[2025-09-25 21:04:30,664] multiqc.report                                     [DEBUG  ]  Wrote data file fastqc_raw_per_sequence_quality_scores_plot.txt
[2025-09-25 21:04:30,667] multiqc.report                                     [DEBUG  ]  Wrote data file fastqc_raw_per_sequence_gc_content_plot_Percentages.txt
[2025-09-25 21:04:30,670] multiqc.report                                     [DEBUG  ]  Wrote data file fastqc_raw_per_sequence_gc_content_plot_Counts.txt
[2025-09-25 21:04:30,671] multiqc.report                                     [DEBUG  ]  Wrote data file fastqc_raw_per_base_n_content_plot.txt
[2025-09-25 21:04:30,672] multiqc.report                                     [DEBUG  ]  Wrote data file fastqc_raw_sequence_duplication_levels_plot.txt
[2025-09-25 21:04:30,672] multiqc.report                                     [DEBUG  ]  Wrote data file fastqc_raw_top_overrepresented_sequences_table.txt
[2025-09-25 21:04:30,675] multiqc.report                                     [DEBUG  ]  Wrote data file fastqc_raw_adapter_content_plot.txt
[2025-09-25 21:04:30,675] multiqc.report                                     [DEBUG  ]  Wrote data file fastqc_raw-status-check-heatmap.txt
[2025-09-25 21:04:30,675] multiqc.report                                     [DEBUG  ]  Wrote data file cutadapt_filtered_reads_plot.txt
[2025-09-25 21:04:30,678] multiqc.report                                     [DEBUG  ]  Wrote data file cutadapt_trimmed_sequences_plot_3_Counts.txt
[2025-09-25 21:04:30,682] multiqc.report                                     [DEBUG  ]  Wrote data file cutadapt_trimmed_sequences_plot_3_Obs_Exp.txt
[2025-09-25 21:04:30,682] multiqc.report                                     [DEBUG  ]  Wrote data file fastqc_trimmed_sequence_counts_plot.txt
[2025-09-25 21:04:30,683] multiqc.report                                     [DEBUG  ]  Wrote data file fastqc_trimmed_per_base_sequence_quality_plot.txt
[2025-09-25 21:04:30,684] multiqc.report                                     [DEBUG  ]  Wrote data file fastqc_trimmed_per_sequence_quality_scores_plot.txt
[2025-09-25 21:04:30,687] multiqc.report                                     [DEBUG  ]  Wrote data file fastqc_trimmed_per_sequence_gc_content_plot_Percentages.txt
[2025-09-25 21:04:30,690] multiqc.report                                     [DEBUG  ]  Wrote data file fastqc_trimmed_per_sequence_gc_content_plot_Counts.txt
[2025-09-25 21:04:30,691] multiqc.report                                     [DEBUG  ]  Wrote data file fastqc_trimmed_per_base_n_content_plot.txt
[2025-09-25 21:04:30,692] multiqc.report                                     [DEBUG  ]  Wrote data file fastqc_sequence_length_distribution_plot.txt
[2025-09-25 21:04:30,692] multiqc.report                                     [DEBUG  ]  Wrote data file fastqc_trimmed_sequence_duplication_levels_plot.txt
[2025-09-25 21:04:30,692] multiqc.report                                     [DEBUG  ]  Wrote data file fastqc_trimmed_top_overrepresented_sequences_table.txt
[2025-09-25 21:04:30,694] multiqc.report                                     [DEBUG  ]  Wrote data file fastqc_trimmed_adapter_content_plot.txt
[2025-09-25 21:04:30,694] multiqc.report                                     [DEBUG  ]  Wrote data file fastqc_trimmed-status-check-heatmap.txt
[2025-09-25 21:04:30,694] multiqc.report                                     [DEBUG  ]  Wrote data file picard_deduplication.txt
[2025-09-25 21:04:30,695] multiqc.report                                     [DEBUG  ]  Wrote data file qualimap_genomic_origin.txt
[2025-09-25 21:04:30,696] multiqc.report                                     [DEBUG  ]  Wrote data file qualimap_gene_coverage_profile_Counts.txt
[2025-09-25 21:04:30,698] multiqc.report                                     [DEBUG  ]  Wrote data file qualimap_gene_coverage_profile_Normalised.txt
[2025-09-25 21:04:30,698] multiqc.report                                     [DEBUG  ]  Wrote data file rseqc_read_distribution_plot.txt
[2025-09-25 21:04:30,699] multiqc.report                                     [DEBUG  ]  Wrote data file rseqc_inner_distance_plot_Counts.txt
[2025-09-25 21:04:30,701] multiqc.report                                     [DEBUG  ]  Wrote data file rseqc_inner_distance_plot_Percentages.txt
[2025-09-25 21:04:30,703] multiqc.report                                     [DEBUG  ]  Wrote data file rseqc_read_dups_plot.txt
[2025-09-25 21:04:30,703] multiqc.report                                     [DEBUG  ]  Wrote data file rseqc_junction_annotation_junctions_plot_Junctions.txt
[2025-09-25 21:04:30,703] multiqc.report                                     [DEBUG  ]  Wrote data file rseqc_junction_annotation_junctions_plot_Events.txt
[2025-09-25 21:04:30,703] multiqc.report                                     [DEBUG  ]  Wrote data file rseqc_junction_saturation_plot_All_Junctions.txt
[2025-09-25 21:04:30,704] multiqc.report                                     [DEBUG  ]  Wrote data file rseqc_junction_saturation_plot_Known_Junctions.txt
[2025-09-25 21:04:30,704] multiqc.report                                     [DEBUG  ]  Wrote data file rseqc_junction_saturation_plot_Novel_Junctions.txt
[2025-09-25 21:04:30,704] multiqc.report                                     [DEBUG  ]  Wrote data file rseqc_infer_experiment_plot.txt
[2025-09-25 21:04:30,705] multiqc.report                                     [DEBUG  ]  Wrote data file rseqc_bam_stat.txt
[2025-09-25 21:04:30,705] multiqc.report                                     [DEBUG  ]  Wrote data file samtools_alignment_plot.txt
[2025-09-25 21:04:30,705] multiqc.report                                     [DEBUG  ]  Wrote data file samtools-stats-dp.txt
[2025-09-25 21:04:30,705] multiqc.report                                     [DEBUG  ]  Wrote data file samtools-flagstat-table.txt
[2025-09-25 21:04:30,706] multiqc.report                                     [DEBUG  ]  Wrote data file samtools-flagstat-pct-table.txt
[2025-09-25 21:04:30,706] multiqc.report                                     [DEBUG  ]  Wrote data file samtools-idxstats-xy-plot.txt
[2025-09-25 21:04:30,706] multiqc.report                                     [DEBUG  ]  Wrote data file samtools-idxstats-mapped-reads-plot_Normalised_Counts.txt
[2025-09-25 21:04:30,707] multiqc.report                                     [DEBUG  ]  Wrote data file samtools-idxstats-mapped-reads-plot_Observed_over_Expected_Counts.txt
[2025-09-25 21:04:30,707] multiqc.report                                     [DEBUG  ]  Wrote data file samtools-idxstats-mapped-reads-plot_Raw_Counts.txt
[2025-09-25 21:04:30,707] multiqc.report                                     [DEBUG  ]  Wrote data file rsem_assignment_plot.txt
[2025-09-25 21:04:30,712] multiqc.report                                     [DEBUG  ]  Wrote data file rsem_multimapping_rates.txt
[2025-09-25 21:04:30,712] multiqc.core.write_results                         [DEBUG  ]  Moving data file from '/tmp/tmpaof0r5ja/multiqc_data' to '/nfs/turbo/agc-data/processing/broccoli/14340-YK/work/5d/28e4e4aff9793fd786cc94fb953d9a/multiqc_report_data'
[2025-09-25 21:04:31,607] multiqc.core.write_results                         [INFO   ]  Data        : multiqc_report_data
[2025-09-25 21:04:31,701] multiqc.core.write_results                         [DEBUG  ]  Compressing plot data
[2025-09-25 21:04:32,107] multiqc.core.write_results                         [INFO   ]  Report      : multiqc_report.html
[2025-09-25 21:04:32,108] multiqc.core.write_results                         [DEBUG  ]  Moving plots directory from '/tmp/tmpaof0r5ja/multiqc_plots' to '/nfs/turbo/agc-data/processing/broccoli/14340-YK/work/5d/28e4e4aff9793fd786cc94fb953d9a/multiqc_report_plots'
[2025-09-25 21:04:32,118] multiqc.core.write_results                         [INFO   ]  Plots       : multiqc_report_plots
[2025-09-25 21:04:32,119] multiqc.core.write_results                         [DEBUG  ]  Report HTML written to /nfs/turbo/agc-data/processing/broccoli/14340-YK/work/5d/28e4e4aff9793fd786cc94fb953d9a/multiqc_report.html
